2026-06-03 12:21:18,677 INFO step=start_create_from_factory controller=jv factory_id=501412
2026-06-03 12:21:18,677 INFO step=fetch_afterbuy_products_start timeout_sec=120
2026-06-03 12:21:18,794 INFO step=fetch_afterbuy_products_done
2026-06-03 12:21:18,799 INFO step=fetch_afterbuy_products count=68
2026-06-03 12:21:18,803 INFO step=map_products_start timeout_sec=1800
2026-06-03 12:21:18,804 INFO Маппер стартовал index=0 ean=4067282760233
2026-06-03 12:21:18,804 INFO Старт генерации категория для ean=None
2026-06-03 12:21:18,804 INFO Маппер стартовал index=1 ean=4067282760226
2026-06-03 12:21:18,805 INFO Старт генерации категория для ean=None
2026-06-03 12:21:18,805 INFO Маппер стартовал index=2 ean=4067282760219
2026-06-03 12:21:18,805 INFO Старт генерации категория для ean=None
2026-06-03 12:21:18,806 INFO Маппер стартовал index=3 ean=4067282760202
2026-06-03 12:21:18,806 INFO Старт генерации категория для ean=None
2026-06-03 12:21:18,807 INFO Маппер стартовал index=4 ean=4067282760196
2026-06-03 12:21:18,807 INFO Старт генерации категория для ean=None
2026-06-03 12:21:18,808 INFO Маппер стартовал index=5 ean=4067282760189
2026-06-03 12:21:18,808 INFO Старт генерации категория для ean=None
2026-06-03 12:21:18,808 INFO Маппер стартовал index=6 ean=4067282760172
2026-06-03 12:21:18,809 INFO Старт генерации категория для ean=None
2026-06-03 12:21:18,809 INFO Маппер стартовал index=7 ean=4067282760165
2026-06-03 12:21:18,809 INFO Старт генерации категория для ean=None
2026-06-03 12:21:18,810 INFO Маппер стартовал index=8 ean=4067282760158
2026-06-03 12:21:18,810 INFO Старт генерации категория для ean=None
2026-06-03 12:21:18,811 INFO Маппер стартовал index=9 ean=4067282760141
2026-06-03 12:21:18,811 INFO Старт генерации категория для ean=None
2026-06-03 12:21:18,812 INFO Маппер стартовал index=10 ean=4067282760134
2026-06-03 12:21:18,812 INFO Маппер стартовал index=11 ean=4067282760127
2026-06-03 12:21:18,812 INFO Маппер стартовал index=12 ean=4067282760110
2026-06-03 12:21:18,812 INFO Маппер стартовал index=13 ean=4067282760103
2026-06-03 12:21:18,812 INFO Маппер стартовал index=14 ean=4067282760097
2026-06-03 12:21:18,812 INFO Маппер стартовал index=15 ean=4067282760080
2026-06-03 12:21:18,812 INFO Маппер стартовал index=16 ean=4067282760073
2026-06-03 12:21:18,813 INFO Маппер стартовал index=17 ean=4067282760066
2026-06-03 12:21:18,813 INFO Маппер стартовал index=18 ean=4067282759633
2026-06-03 12:21:18,813 INFO Маппер стартовал index=19 ean=4067282760059
2026-06-03 12:21:18,813 INFO Маппер стартовал index=20 ean=4067282760042
2026-06-03 12:21:18,813 INFO Маппер стартовал index=21 ean=4067282760035
2026-06-03 12:21:18,813 INFO Маппер стартовал index=22 ean=4067282760028
2026-06-03 12:21:18,813 INFO Маппер стартовал index=23 ean=4067282760011
2026-06-03 12:21:18,814 INFO Маппер стартовал index=24 ean=4067282760004
2026-06-03 12:21:18,814 INFO Маппер стартовал index=25 ean=4067282759992
2026-06-03 12:21:18,814 INFO Маппер стартовал index=26 ean=4067282759985
2026-06-03 12:21:18,814 INFO Маппер стартовал index=27 ean=4067282759978
2026-06-03 12:21:18,814 INFO Маппер стартовал index=28 ean=4067282759961
2026-06-03 12:21:18,814 INFO Маппер стартовал index=29 ean=4067282759954
2026-06-03 12:21:18,814 INFO Маппер стартовал index=30 ean=4067282759947
2026-06-03 12:21:18,814 INFO Маппер стартовал index=31 ean=4067282759930
2026-06-03 12:21:18,815 INFO Маппер стартовал index=32 ean=4067282759923
2026-06-03 12:21:18,815 INFO Маппер стартовал index=33 ean=4067282759916
2026-06-03 12:21:18,815 INFO Маппер стартовал index=34 ean=4067282759909
2026-06-03 12:21:18,815 INFO Маппер стартовал index=35 ean=4067282759893
2026-06-03 12:21:18,815 INFO Маппер стартовал index=36 ean=4067282759886
2026-06-03 12:21:18,815 INFO Маппер стартовал index=37 ean=4067282759879
2026-06-03 12:21:18,815 INFO Маппер стартовал index=38 ean=4067282759862
2026-06-03 12:21:18,816 INFO Маппер стартовал index=39 ean=4067282759855
2026-06-03 12:21:18,816 INFO Маппер стартовал index=40 ean=4067282759848
2026-06-03 12:21:18,816 INFO Маппер стартовал index=41 ean=4067282759831
2026-06-03 12:21:18,816 INFO Маппер стартовал index=42 ean=4067282759824
2026-06-03 12:21:18,816 INFO Маппер стартовал index=43 ean=4067282759817
2026-06-03 12:21:18,816 INFO Маппер стартовал index=44 ean=4067282759800
2026-06-03 12:21:18,816 INFO Маппер стартовал index=45 ean=4067282759794
2026-06-03 12:21:18,816 INFO Маппер стартовал index=46 ean=4067282759787
2026-06-03 12:21:18,817 INFO Маппер стартовал index=47 ean=4067282759770
2026-06-03 12:21:18,817 INFO Маппер стартовал index=48 ean=4067282759763
2026-06-03 12:21:18,817 INFO Маппер стартовал index=49 ean=4067282759756
2026-06-03 12:21:18,817 INFO Маппер стартовал index=50 ean=4067282759749
2026-06-03 12:21:18,817 INFO Маппер стартовал index=51 ean=4067282759732
2026-06-03 12:21:18,817 INFO Маппер стартовал index=52 ean=4067282759725
2026-06-03 12:21:18,817 INFO Маппер стартовал index=53 ean=4067282759718
2026-06-03 12:21:18,818 INFO Маппер стартовал index=54 ean=4067282759701
2026-06-03 12:21:18,818 INFO Маппер стартовал index=55 ean=4067282759695
2026-06-03 12:21:18,818 INFO Маппер стартовал index=56 ean=4067282759688
2026-06-03 12:21:18,818 INFO Маппер стартовал index=57 ean=4067282759671
2026-06-03 12:21:18,818 INFO Маппер стартовал index=58 ean=4067282759664
2026-06-03 12:21:18,818 INFO Маппер стартовал index=59 ean=4067282759657
2026-06-03 12:21:18,818 INFO Маппер стартовал index=60 ean=4067282759640
2026-06-03 12:21:18,818 INFO Маппер стартовал index=61 ean=4067282759633
2026-06-03 12:21:18,819 INFO Маппер стартовал index=62 ean=4067282759626
2026-06-03 12:21:18,819 INFO Маппер стартовал index=63 ean=4067282759619
2026-06-03 12:21:18,819 INFO Маппер стартовал index=64 ean=4067282759602
2026-06-03 12:21:18,819 INFO Маппер стартовал index=65 ean=4067282759596
2026-06-03 12:21:18,819 INFO Маппер стартовал index=66 ean=4067282759589
2026-06-03 12:21:18,819 INFO Маппер стартовал index=67 ean=4067282759572
2026-06-03 12:21:22,555 INFO Закончено генерация категории для ean=None category=Sitzhocker confidence=92
2026-06-03 12:21:22,555 INFO Маппер закончился: ean=6 index=4067282760172
2026-06-03 12:21:22,555 INFO Старт генерации категория для ean=None
2026-06-03 12:21:23,679 INFO step=heartbeat process_id=0b87e0bc-dff9-48ae-877e-36bc591206f0 current_step=building_category_preview heartbeat_count=1
2026-06-03 12:21:24,205 INFO Закончено генерация категории для ean=None category=Couchtisch confidence=95
2026-06-03 12:21:24,205 INFO Маппер закончился: ean=2 index=4067282760219
2026-06-03 12:21:24,205 INFO Старт генерации категория для ean=None
2026-06-03 12:21:24,269 INFO Закончено генерация категории для ean=None category=Couchtisch confidence=92
2026-06-03 12:21:24,269 INFO Маппер закончился: ean=0 index=4067282760233
2026-06-03 12:21:24,270 INFO Старт генерации категория для ean=None
2026-06-03 12:21:24,436 INFO Закончено генерация категории для ean=None category=Sitzhocker confidence=92
2026-06-03 12:21:24,436 INFO Маппер закончился: ean=8 index=4067282760158
2026-06-03 12:21:24,436 INFO Старт генерации категория для ean=None
2026-06-03 12:21:24,483 INFO Закончено генерация категории для ean=None category=Couchtisch confidence=92
2026-06-03 12:21:24,483 INFO Маппер закончился: ean=1 index=4067282760226
2026-06-03 12:21:24,483 INFO Старт генерации категория для ean=None
2026-06-03 12:21:24,509 INFO Закончено генерация категории для ean=None category=Polsterhocker confidence=90
2026-06-03 12:21:24,510 INFO Маппер закончился: ean=9 index=4067282760141
2026-06-03 12:21:24,510 INFO Старт генерации категория для ean=None
2026-06-03 12:21:24,894 INFO Закончено генерация категории для ean=None category=Sitzhocker confidence=92
2026-06-03 12:21:24,894 INFO Маппер закончился: ean=4 index=4067282760196
2026-06-03 12:21:24,894 INFO Старт генерации категория для ean=None
2026-06-03 12:21:25,379 INFO Закончено генерация категории для ean=None category=Hocker confidence=92
2026-06-03 12:21:25,379 INFO Маппер закончился: ean=3 index=4067282760202
2026-06-03 12:21:25,380 INFO Старт генерации категория для ean=None
2026-06-03 12:21:25,817 INFO Закончено генерация категории для ean=None category=Sitzhocker confidence=92
2026-06-03 12:21:25,817 INFO Маппер закончился: ean=5 index=4067282760189
2026-06-03 12:21:25,817 INFO Старт генерации категория для ean=None
2026-06-03 12:21:26,000 INFO Закончено генерация категории для ean=None category=Chesterfield-Sessel confidence=92
2026-06-03 12:21:26,000 INFO Маппер закончился: ean=10 index=4067282760134
2026-06-03 12:21:26,001 INFO Старт генерации категория для ean=None
2026-06-03 12:21:27,040 INFO Закончено генерация категории для ean=None category=Hocker confidence=94
2026-06-03 12:21:27,040 INFO Маппер закончился: ean=7 index=4067282760165
2026-06-03 12:21:27,040 INFO Старт генерации категория для ean=None
2026-06-03 12:21:27,861 INFO Закончено генерация категории для ean=None category=Relaxsessel confidence=92
2026-06-03 12:21:27,861 INFO Маппер закончился: ean=12 index=4067282760110
2026-06-03 12:21:27,862 INFO Старт генерации категория для ean=None
2026-06-03 12:21:28,609 INFO Закончено генерация категории для ean=None category=Sessel confidence=92
2026-06-03 12:21:28,609 INFO Маппер закончился: ean=16 index=4067282760073
2026-06-03 12:21:28,609 INFO Старт генерации категория для ean=None
2026-06-03 12:21:28,634 INFO Закончено генерация категории для ean=None category=Sessel confidence=92
2026-06-03 12:21:28,634 INFO Маппер закончился: ean=17 index=4067282760066
2026-06-03 12:21:28,634 INFO Старт генерации категория для ean=None
2026-06-03 12:21:28,685 INFO step=heartbeat process_id=0b87e0bc-dff9-48ae-877e-36bc591206f0 current_step=building_category_preview heartbeat_count=2
2026-06-03 12:21:29,169 INFO Закончено генерация категории для ean=None category=Chesterfield-Sessel confidence=95
2026-06-03 12:21:29,169 INFO Маппер закончился: ean=13 index=4067282760103
2026-06-03 12:21:29,170 INFO Старт генерации категория для ean=None
2026-06-03 12:21:29,353 INFO Закончено генерация категории для ean=None category=Sessel confidence=92
2026-06-03 12:21:29,353 INFO Маппер закончился: ean=15 index=4067282760080
2026-06-03 12:21:29,353 INFO Старт генерации категория для ean=None
2026-06-03 12:21:29,451 INFO Закончено генерация категории для ean=None category=Sessel confidence=90
2026-06-03 12:21:29,451 INFO Маппер закончился: ean=14 index=4067282760097
2026-06-03 12:21:29,451 INFO Старт генерации категория для ean=None
2026-06-03 12:21:29,651 INFO Закончено генерация категории для ean=None category=Couchtisch confidence=92
2026-06-03 12:21:29,651 INFO Маппер закончился: ean=18 index=4067282759633
2026-06-03 12:21:29,651 INFO Старт генерации категория для ean=None
2026-06-03 12:21:30,326 INFO Закончено генерация категории для ean=None category=Sessel confidence=92
2026-06-03 12:21:30,326 INFO Маппер закончился: ean=19 index=4067282760059
2026-06-03 12:21:30,326 INFO Старт генерации категория для ean=None
2026-06-03 12:21:30,774 INFO Закончено генерация категории для ean=None category=Sessel confidence=95
2026-06-03 12:21:30,775 INFO Маппер закончился: ean=20 index=4067282760042
2026-06-03 12:21:30,775 INFO Старт генерации категория для ean=None
2026-06-03 12:21:32,429 INFO Закончено генерация категории для ean=None category=Wohnzimmer-Set confidence=92
2026-06-03 12:21:32,429 INFO Маппер закончился: ean=11 index=4067282760127
2026-06-03 12:21:32,429 INFO Старт генерации категория для ean=None
2026-06-03 12:21:32,742 INFO Закончено генерация категории для ean=None category=Lowboard confidence=92
2026-06-03 12:21:32,742 INFO Маппер закончился: ean=25 index=4067282759992
2026-06-03 12:21:32,742 INFO Старт генерации категория для ean=None
2026-06-03 12:21:32,769 INFO Закончено генерация категории для ean=None category=Lowboard confidence=92
2026-06-03 12:21:32,769 INFO Маппер закончился: ean=26 index=4067282759985
2026-06-03 12:21:32,770 INFO Старт генерации категория для ean=None
2026-06-03 12:21:32,861 INFO Закончено генерация категории для ean=None category=Sessel confidence=92
2026-06-03 12:21:32,861 INFO Маппер закончился: ean=24 index=4067282760004
2026-06-03 12:21:32,861 INFO Старт генерации категория для ean=None
2026-06-03 12:21:33,691 INFO step=heartbeat process_id=0b87e0bc-dff9-48ae-877e-36bc591206f0 current_step=building_category_preview heartbeat_count=3
2026-06-03 12:21:33,766 INFO Закончено генерация категории для ean=None category=Sessel confidence=92
2026-06-03 12:21:33,766 INFO Маппер закончился: ean=21 index=4067282760035
2026-06-03 12:21:33,766 INFO Старт генерации категория для ean=None
2026-06-03 12:21:34,767 INFO Закончено генерация категории для ean=None category=Lowboard confidence=92
2026-06-03 12:21:34,767 INFO Маппер закончился: ean=28 index=4067282759961
2026-06-03 12:21:34,767 INFO Старт генерации категория для ean=None
2026-06-03 12:21:35,339 INFO Закончено генерация категории для ean=None category=Lowboard confidence=95
2026-06-03 12:21:35,339 INFO Маппер закончился: ean=27 index=4067282759978
2026-06-03 12:21:35,340 INFO Старт генерации категория для ean=None
2026-06-03 12:21:36,980 INFO Закончено генерация категории для ean=None category=Couchtisch confidence=95
2026-06-03 12:21:36,980 INFO Маппер закончился: ean=34 index=4067282759909
2026-06-03 12:21:36,981 INFO Старт генерации категория для ean=None
2026-06-03 12:21:37,049 INFO Закончено генерация категории для ean=None category=Lowboard confidence=92
2026-06-03 12:21:37,049 INFO Маппер закончился: ean=30 index=4067282759947
2026-06-03 12:21:37,049 INFO Старт генерации категория для ean=None
2026-06-03 12:21:37,288 INFO Закончено генерация категории для ean=None category=Sessel confidence=92
2026-06-03 12:21:37,288 INFO Маппер закончился: ean=22 index=4067282760028
2026-06-03 12:21:37,288 INFO Старт генерации категория для ean=None
2026-06-03 12:21:37,452 INFO Закончено генерация категории для ean=None category=Lowboard confidence=92
2026-06-03 12:21:37,452 INFO Маппер закончился: ean=31 index=4067282759930
2026-06-03 12:21:37,453 INFO Старт генерации категория для ean=None
2026-06-03 12:21:37,688 INFO Закончено генерация категории для ean=None category=Lowboard confidence=92
2026-06-03 12:21:37,689 INFO Маппер закончился: ean=35 index=4067282759893
2026-06-03 12:21:37,689 INFO Старт генерации категория для ean=None
2026-06-03 12:21:38,696 INFO step=heartbeat process_id=0b87e0bc-dff9-48ae-877e-36bc591206f0 current_step=building_category_preview heartbeat_count=4
2026-06-03 12:21:38,823 INFO Закончено генерация категории для ean=None category=Lowboard confidence=92
2026-06-03 12:21:38,823 INFO Маппер закончился: ean=32 index=4067282759923
2026-06-03 12:21:38,823 INFO Старт генерации категория для ean=None
2026-06-03 12:21:39,836 INFO Закончено генерация категории для ean=None category=Lowboard confidence=92
2026-06-03 12:21:39,836 INFO Маппер закончился: ean=33 index=4067282759916
2026-06-03 12:21:39,836 INFO Старт генерации категория для ean=None
2026-06-03 12:21:40,303 INFO Закончено генерация категории для ean=None category=Lowboard confidence=86
2026-06-03 12:21:40,304 INFO Маппер закончился: ean=29 index=4067282759954
2026-06-03 12:21:40,304 INFO Старт генерации категория для ean=None
2026-06-03 12:21:42,196 INFO Закончено генерация категории для ean=None category=Lowboard confidence=92
2026-06-03 12:21:42,197 INFO Маппер закончился: ean=37 index=4067282759879
2026-06-03 12:21:42,197 INFO Старт генерации категория для ean=None
2026-06-03 12:21:42,514 INFO Закончено генерация категории для ean=None category=Beistelltisch confidence=95
2026-06-03 12:21:42,514 INFO Маппер закончился: ean=41 index=4067282759831
2026-06-03 12:21:42,515 INFO Старт генерации категория для ean=None
2026-06-03 12:21:43,313 INFO Закончено генерация категории для ean=None category=Lowboard confidence=92
2026-06-03 12:21:43,313 INFO Маппер закончился: ean=36 index=4067282759886
2026-06-03 12:21:43,313 INFO Старт генерации категория для ean=None
2026-06-03 12:21:43,456 INFO Закончено генерация категории для ean=None category=Beistelltisch confidence=93
2026-06-03 12:21:43,457 INFO Маппер закончился: ean=40 index=4067282759848
2026-06-03 12:21:43,457 INFO Старт генерации категория для ean=None
2026-06-03 12:21:43,502 INFO Закончено генерация категории для ean=None category=Lowboard confidence=92
2026-06-03 12:21:43,502 INFO Маппер закончился: ean=39 index=4067282759855
2026-06-03 12:21:43,502 INFO Старт генерации категория для ean=None
2026-06-03 12:21:43,701 INFO step=heartbeat process_id=0b87e0bc-dff9-48ae-877e-36bc591206f0 current_step=building_category_preview heartbeat_count=5
2026-06-03 12:21:43,722 INFO Закончено генерация категории для ean=None category=Couchtisch confidence=96
2026-06-03 12:21:43,722 INFO Маппер закончился: ean=23 index=4067282760011
2026-06-03 12:21:43,722 INFO Старт генерации категория для ean=None
2026-06-03 12:21:44,798 INFO Закончено генерация категории для ean=None category=Couchtisch confidence=95
2026-06-03 12:21:44,798 INFO Маппер закончился: ean=45 index=4067282759794
2026-06-03 12:21:44,798 INFO Старт генерации категория для ean=None
2026-06-03 12:21:45,820 INFO Закончено генерация категории для ean=None category=Couchtisch confidence=93
2026-06-03 12:21:45,820 INFO Маппер закончился: ean=43 index=4067282759817
2026-06-03 12:21:45,820 INFO Старт генерации категория для ean=None
2026-06-03 12:21:46,815 INFO Закончено генерация категории для ean=None category=Couchtisch confidence=92
2026-06-03 12:21:46,815 INFO Маппер закончился: ean=47 index=4067282759770
2026-06-03 12:21:46,815 INFO Старт генерации категория для ean=None
2026-06-03 12:21:46,904 INFO Закончено генерация категории для ean=None category=Lowboard confidence=86
2026-06-03 12:21:46,905 INFO Маппер закончился: ean=38 index=4067282759862
2026-06-03 12:21:46,905 INFO Старт генерации категория для ean=None
2026-06-03 12:21:47,176 INFO Закончено генерация категории для ean=None category=Couchtisch confidence=94
2026-06-03 12:21:47,177 INFO Маппер закончился: ean=46 index=4067282759787
2026-06-03 12:21:47,177 INFO Старт генерации категория для ean=None
2026-06-03 12:21:47,260 INFO Закончено генерация категории для ean=None category=Couchtisch confidence=95
2026-06-03 12:21:47,260 INFO Маппер закончился: ean=50 index=4067282759749
2026-06-03 12:21:47,260 INFO Старт генерации категория для ean=None
2026-06-03 12:21:48,168 INFO Закончено генерация категории для ean=None category=Couchtisch confidence=95
2026-06-03 12:21:48,168 INFO Маппер закончился: ean=48 index=4067282759763
2026-06-03 12:21:48,168 INFO Старт генерации категория для ean=None
2026-06-03 12:21:48,706 INFO step=heartbeat process_id=0b87e0bc-dff9-48ae-877e-36bc591206f0 current_step=building_category_preview heartbeat_count=6
2026-06-03 12:21:48,749 INFO Закончено генерация категории для ean=None category=Couchtisch confidence=96
2026-06-03 12:21:48,749 INFO Маппер закончился: ean=52 index=4067282759725
2026-06-03 12:21:48,750 INFO Старт генерации категория для ean=None
2026-06-03 12:21:49,161 INFO Закончено генерация категории для ean=None category=Couchtisch confidence=92
2026-06-03 12:21:49,161 INFO Маппер закончился: ean=49 index=4067282759756
2026-06-03 12:21:49,161 INFO Старт генерации категория для ean=None
2026-06-03 12:21:50,035 INFO Закончено генерация категории для ean=None category=Couchtisch confidence=92
2026-06-03 12:21:50,035 INFO Маппер закончился: ean=51 index=4067282759732
2026-06-03 12:21:50,036 INFO Старт генерации категория для ean=None
2026-06-03 12:21:50,896 INFO Закончено генерация категории для ean=None category=Couchtisch confidence=95
2026-06-03 12:21:50,896 INFO Маппер закончился: ean=56 index=4067282759688
2026-06-03 12:21:50,897 INFO Старт генерации категория для ean=None
2026-06-03 12:21:51,037 INFO Закончено генерация категории для ean=None category=Couchtisch confidence=95
2026-06-03 12:21:51,037 INFO Маппер закончился: ean=54 index=4067282759701
2026-06-03 12:21:51,038 INFO Старт генерации категория для ean=None
2026-06-03 12:21:51,215 INFO Закончено генерация категории для ean=None category=Couchtisch confidence=93
2026-06-03 12:21:51,215 INFO Маппер закончился: ean=55 index=4067282759695
2026-06-03 12:21:51,215 INFO Старт генерации категория для ean=None
2026-06-03 12:21:52,713 INFO Закончено генерация категории для ean=None category=Couchtisch confidence=95
2026-06-03 12:21:52,713 INFO Маппер закончился: ean=59 index=4067282759657
2026-06-03 12:21:52,713 INFO Старт генерации категория для ean=None
2026-06-03 12:21:53,169 INFO Закончено генерация категории для ean=None category=Beistelltisch confidence=92
2026-06-03 12:21:53,169 INFO Маппер закончился: ean=53 index=4067282759718
2026-06-03 12:21:53,169 INFO Старт генерации категория для ean=None
2026-06-03 12:21:53,375 INFO Закончено генерация категории для ean=None category=Couchtisch confidence=95
2026-06-03 12:21:53,375 INFO Маппер закончился: ean=57 index=4067282759671
2026-06-03 12:21:53,375 INFO Старт генерации категория для ean=None
2026-06-03 12:21:53,711 INFO step=heartbeat process_id=0b87e0bc-dff9-48ae-877e-36bc591206f0 current_step=building_category_preview heartbeat_count=7
2026-06-03 12:21:54,504 INFO Закончено генерация категории для ean=None category=Couchtisch confidence=92
2026-06-03 12:21:54,504 INFO Маппер закончился: ean=58 index=4067282759664
2026-06-03 12:21:54,504 INFO Старт генерации категория для ean=None
2026-06-03 12:21:54,986 INFO Закончено генерация категории для ean=None category=Beistelltisch confidence=82
2026-06-03 12:21:54,986 INFO Маппер закончился: ean=42 index=4067282759824
2026-06-03 12:21:55,151 INFO Закончено генерация категории для ean=None category=Couchtisch confidence=92
2026-06-03 12:21:55,151 INFO Маппер закончился: ean=61 index=4067282759633
2026-06-03 12:21:55,252 INFO Закончено генерация категории для ean=None category=Couchtisch confidence=92
2026-06-03 12:21:55,252 INFO Маппер закончился: ean=60 index=4067282759640
2026-06-03 12:21:55,626 INFO Закончено генерация категории для ean=None category=Couchtisch confidence=95
2026-06-03 12:21:55,626 INFO Маппер закончился: ean=62 index=4067282759626
2026-06-03 12:21:56,414 INFO Закончено генерация категории для ean=None category=Couchtisch confidence=95
2026-06-03 12:21:56,414 INFO Маппер закончился: ean=63 index=4067282759619
2026-06-03 12:21:57,172 INFO Закончено генерация категории для ean=None category=Couchtisch confidence=95
2026-06-03 12:21:57,172 INFO Маппер закончился: ean=65 index=4067282759596
2026-06-03 12:21:57,632 INFO Закончено генерация категории для ean=None category=Couchtisch confidence=95
2026-06-03 12:21:57,632 INFO Маппер закончился: ean=64 index=4067282759602
2026-06-03 12:21:57,756 INFO Закончено генерация категории для ean=None category=Couchtisch confidence=92
2026-06-03 12:21:57,756 INFO Маппер закончился: ean=66 index=4067282759589
2026-06-03 12:21:58,717 INFO step=heartbeat process_id=0b87e0bc-dff9-48ae-877e-36bc591206f0 current_step=building_category_preview heartbeat_count=8
2026-06-03 12:21:59,219 INFO Закончено генерация категории для ean=None category=Wohnzimmertisch confidence=85
2026-06-03 12:21:59,219 INFO Маппер закончился: ean=44 index=4067282759800
2026-06-03 12:22:01,220 INFO Закончено генерация категории для ean=None category=Couchtisch confidence=92
2026-06-03 12:22:01,221 INFO Маппер закончился: ean=67 index=4067282759572
2026-06-03 12:22:01,225 INFO step=map_products_done
2026-06-03 12:22:01,225 INFO step=mapper_payload_deploy mapped=68 mapper_issues=0
2026-06-03 12:22:01,225 INFO step=normalize_start index=0 ean=None
2026-06-03 12:22:01,226 INFO step=normalize_start index=1 ean=None
2026-06-03 12:22:01,227 INFO step=normalize_start index=2 ean=None
2026-06-03 12:22:01,228 INFO step=normalize_start index=3 ean=None
2026-06-03 12:22:01,228 INFO step=normalize_start index=4 ean=None
2026-06-03 12:22:01,228 INFO step=normalize_start index=5 ean=None
2026-06-03 12:22:01,230 INFO step=normalize_start index=6 ean=None
2026-06-03 12:22:01,231 INFO step=normalize_start index=7 ean=None
2026-06-03 12:22:01,232 INFO step=normalize_start index=8 ean=None
2026-06-03 12:22:01,234 INFO step=normalize_start index=9 ean=None
2026-06-03 12:22:01,237 INFO step=normalize_start index=10 ean=None
2026-06-03 12:22:01,238 INFO step=normalize_start index=11 ean=None
2026-06-03 12:22:01,239 INFO step=normalize_start index=12 ean=None
2026-06-03 12:22:01,239 INFO step=normalize_start index=13 ean=None
2026-06-03 12:22:01,239 INFO step=normalize_start index=14 ean=None
2026-06-03 12:22:01,239 INFO step=normalize_start index=15 ean=None
2026-06-03 12:22:01,239 INFO step=normalize_start index=16 ean=None
2026-06-03 12:22:01,239 INFO step=normalize_start index=17 ean=None
2026-06-03 12:22:01,239 INFO step=normalize_start index=18 ean=None
2026-06-03 12:22:01,239 INFO step=normalize_start index=19 ean=None
2026-06-03 12:22:01,239 INFO step=normalize_start index=20 ean=None
2026-06-03 12:22:01,239 INFO step=normalize_start index=21 ean=None
2026-06-03 12:22:01,240 INFO step=normalize_start index=22 ean=None
2026-06-03 12:22:01,240 INFO step=normalize_start index=23 ean=None
2026-06-03 12:22:01,240 INFO step=normalize_start index=24 ean=None
2026-06-03 12:22:01,240 INFO step=normalize_start index=25 ean=None
2026-06-03 12:22:01,240 INFO step=normalize_start index=26 ean=None
2026-06-03 12:22:01,240 INFO step=normalize_start index=27 ean=None
2026-06-03 12:22:01,240 INFO step=normalize_start index=28 ean=None
2026-06-03 12:22:01,240 INFO step=normalize_start index=29 ean=None
2026-06-03 12:22:01,240 INFO step=normalize_start index=30 ean=None
2026-06-03 12:22:01,240 INFO step=normalize_start index=31 ean=None
2026-06-03 12:22:01,240 INFO step=normalize_start index=32 ean=None
2026-06-03 12:22:01,240 INFO step=normalize_start index=33 ean=None
2026-06-03 12:22:01,240 INFO step=normalize_start index=34 ean=None
2026-06-03 12:22:01,240 INFO step=normalize_start index=35 ean=None
2026-06-03 12:22:01,240 INFO step=normalize_start index=36 ean=None
2026-06-03 12:22:01,240 INFO step=normalize_start index=37 ean=None
2026-06-03 12:22:01,240 INFO step=normalize_start index=38 ean=None
2026-06-03 12:22:01,240 INFO step=normalize_start index=39 ean=None
2026-06-03 12:22:01,241 INFO step=normalize_start index=40 ean=None
2026-06-03 12:22:01,241 INFO step=normalize_start index=41 ean=None
2026-06-03 12:22:01,241 INFO step=normalize_start index=42 ean=None
2026-06-03 12:22:01,241 INFO step=normalize_start index=43 ean=None
2026-06-03 12:22:01,241 INFO step=normalize_start index=44 ean=None
2026-06-03 12:22:01,241 INFO step=normalize_start index=45 ean=None
2026-06-03 12:22:01,241 INFO step=normalize_start index=46 ean=None
2026-06-03 12:22:01,241 INFO step=normalize_start index=47 ean=None
2026-06-03 12:22:01,241 INFO step=normalize_start index=48 ean=None
2026-06-03 12:22:01,241 INFO step=normalize_start index=49 ean=None
2026-06-03 12:22:01,241 INFO step=normalize_start index=50 ean=None
2026-06-03 12:22:01,241 INFO step=normalize_start index=51 ean=None
2026-06-03 12:22:01,241 INFO step=normalize_start index=52 ean=None
2026-06-03 12:22:01,241 INFO step=normalize_start index=53 ean=None
2026-06-03 12:22:01,241 INFO step=normalize_start index=54 ean=None
2026-06-03 12:22:01,241 INFO step=normalize_start index=55 ean=None
2026-06-03 12:22:01,241 INFO step=normalize_start index=56 ean=None
2026-06-03 12:22:01,241 INFO step=normalize_start index=57 ean=None
2026-06-03 12:22:01,242 INFO step=normalize_start index=58 ean=None
2026-06-03 12:22:01,242 INFO step=normalize_start index=59 ean=None
2026-06-03 12:22:01,242 INFO step=normalize_start index=60 ean=None
2026-06-03 12:22:01,242 INFO step=normalize_start index=61 ean=None
2026-06-03 12:22:01,242 INFO step=normalize_start index=62 ean=None
2026-06-03 12:22:01,242 INFO step=normalize_start index=63 ean=None
2026-06-03 12:22:01,242 INFO step=normalize_start index=64 ean=None
2026-06-03 12:22:01,242 INFO step=normalize_start index=65 ean=None
2026-06-03 12:22:01,242 INFO step=normalize_start index=66 ean=None
2026-06-03 12:22:01,242 INFO step=normalize_start index=67 ean=None
2026-06-03 12:22:01,242 INFO step=normalize_done index=1 ean=None sku=4067282760226
2026-06-03 12:22:01,243 INFO step=normalize_done index=2 ean=None sku=4067282760219
2026-06-03 12:22:01,243 INFO step=normalize_done index=0 ean=None sku=4067282760233
2026-06-03 12:22:01,243 INFO step=normalize_done index=3 ean=None sku=4067282760202
2026-06-03 12:22:01,243 INFO step=normalize_done index=4 ean=None sku=4067282760196
2026-06-03 12:22:01,244 INFO step=normalize_done index=7 ean=None sku=4067282760165
2026-06-03 12:22:01,244 INFO step=normalize_done index=5 ean=None sku=4067282760189
2026-06-03 12:22:01,244 INFO step=normalize_done index=8 ean=None sku=4067282760158
2026-06-03 12:22:01,244 INFO step=normalize_done index=6 ean=None sku=4067282760172
2026-06-03 12:22:01,244 INFO step=normalize_done index=9 ean=None sku=4067282760141
2026-06-03 12:22:01,256 INFO step=normalize_done index=14 ean=None sku=4067282760097
2026-06-03 12:22:01,258 INFO step=normalize_done index=17 ean=None sku=4067282760066
2026-06-03 12:22:01,259 INFO step=normalize_done index=10 ean=None sku=4067282760134
2026-06-03 12:22:01,259 INFO step=normalize_done index=12 ean=None sku=4067282760110
2026-06-03 12:22:01,259 INFO step=normalize_done index=19 ean=None sku=4067282760059
2026-06-03 12:22:01,260 INFO step=normalize_done index=18 ean=None sku=4067282759633
2026-06-03 12:22:01,260 INFO step=normalize_done index=16 ean=None sku=4067282760073
2026-06-03 12:22:01,260 INFO step=normalize_done index=13 ean=None sku=4067282760103
2026-06-03 12:22:01,260 INFO step=normalize_done index=11 ean=None sku=4067282760127
2026-06-03 12:22:01,261 INFO step=normalize_done index=15 ean=None sku=4067282760080
2026-06-03 12:22:01,266 INFO step=normalize_done index=20 ean=None sku=4067282760042
2026-06-03 12:22:01,271 INFO step=normalize_done index=21 ean=None sku=4067282760035
2026-06-03 12:22:01,273 INFO step=normalize_done index=22 ean=None sku=4067282760028
2026-06-03 12:22:01,275 INFO step=normalize_done index=25 ean=None sku=4067282759992
2026-06-03 12:22:01,276 INFO step=normalize_done index=24 ean=None sku=4067282760004
2026-06-03 12:22:01,276 INFO step=normalize_done index=23 ean=None sku=4067282760011
2026-06-03 12:22:01,277 INFO step=normalize_done index=26 ean=None sku=4067282759985
2026-06-03 12:22:01,277 INFO step=normalize_done index=27 ean=None sku=4067282759978
2026-06-03 12:22:01,277 INFO step=normalize_done index=28 ean=None sku=4067282759961
2026-06-03 12:22:01,277 INFO step=normalize_done index=30 ean=None sku=4067282759947
2026-06-03 12:22:01,278 INFO step=normalize_done index=29 ean=None sku=4067282759954
2026-06-03 12:22:01,281 INFO step=normalize_done index=31 ean=None sku=4067282759930
2026-06-03 12:22:01,282 INFO step=normalize_done index=32 ean=None sku=4067282759923
2026-06-03 12:22:01,286 INFO step=normalize_done index=35 ean=None sku=4067282759893
2026-06-03 12:22:01,290 INFO step=normalize_done index=33 ean=None sku=4067282759916
2026-06-03 12:22:01,292 INFO step=normalize_done index=36 ean=None sku=4067282759886
2026-06-03 12:22:01,293 INFO step=normalize_done index=39 ean=None sku=4067282759855
2026-06-03 12:22:01,293 INFO step=normalize_done index=38 ean=None sku=4067282759862
2026-06-03 12:22:01,293 INFO step=normalize_done index=34 ean=None sku=4067282759909
2026-06-03 12:22:01,297 INFO step=normalize_done index=40 ean=None sku=4067282759848
2026-06-03 12:22:01,300 INFO step=normalize_done index=41 ean=None sku=4067282759831
2026-06-03 12:22:01,300 INFO step=normalize_done index=42 ean=None sku=4067282759824
2026-06-03 12:22:01,300 INFO step=normalize_done index=43 ean=None sku=4067282759817
2026-06-03 12:22:01,300 INFO step=normalize_done index=37 ean=None sku=4067282759879
2026-06-03 12:22:01,303 INFO step=normalize_done index=46 ean=None sku=4067282759787
2026-06-03 12:22:01,306 INFO step=normalize_done index=48 ean=None sku=4067282759763
2026-06-03 12:22:01,307 INFO step=normalize_done index=47 ean=None sku=4067282759770
2026-06-03 12:22:01,307 INFO step=normalize_done index=45 ean=None sku=4067282759794
2026-06-03 12:22:01,307 INFO step=normalize_done index=44 ean=None sku=4067282759800
2026-06-03 12:22:01,312 INFO step=normalize_done index=49 ean=None sku=4067282759756
2026-06-03 12:22:01,314 INFO step=normalize_done index=51 ean=None sku=4067282759732
2026-06-03 12:22:01,315 INFO step=normalize_done index=50 ean=None sku=4067282759749
2026-06-03 12:22:01,315 INFO step=normalize_done index=53 ean=None sku=4067282759718
2026-06-03 12:22:01,316 INFO step=normalize_done index=52 ean=None sku=4067282759725
2026-06-03 12:22:01,320 INFO step=normalize_done index=57 ean=None sku=4067282759671
2026-06-03 12:22:01,322 INFO step=normalize_done index=56 ean=None sku=4067282759688
2026-06-03 12:22:01,322 INFO step=normalize_done index=58 ean=None sku=4067282759664
2026-06-03 12:22:01,323 INFO step=normalize_done index=55 ean=None sku=4067282759695
2026-06-03 12:22:01,323 INFO step=normalize_done index=54 ean=None sku=4067282759701
2026-06-03 12:22:01,326 INFO step=normalize_done index=60 ean=None sku=4067282759640
2026-06-03 12:22:01,327 INFO step=normalize_done index=62 ean=None sku=4067282759626
2026-06-03 12:22:01,328 INFO step=normalize_done index=61 ean=None sku=4067282759633
2026-06-03 12:22:01,328 INFO step=normalize_done index=59 ean=None sku=4067282759657
2026-06-03 12:22:01,328 INFO step=normalize_done index=63 ean=None sku=4067282759619
2026-06-03 12:22:01,329 INFO step=normalize_done index=65 ean=None sku=4067282759596
2026-06-03 12:22:01,329 INFO step=normalize_done index=66 ean=None sku=4067282759589
2026-06-03 12:22:01,329 INFO step=normalize_done index=64 ean=None sku=4067282759602
2026-06-03 12:22:01,330 INFO step=normalize_done index=67 ean=None sku=4067282759572
2026-06-03 12:22:01,330 INFO step=payload_built payload_items=68 skipped=0
2026-06-03 12:22:01,330 INFO step=category_preview_ready process_id=0b87e0bc-dff9-48ae-877e-36bc591206f0 source_items=68 mapped_items=68 payload_items=68
2026-06-03 12:22:01,338 INFO step=task_step_change process_id=0b87e0bc-dff9-48ae-877e-36bc591206f0 current_step=saving_snapshot
